// Jest Snapshot v1, https://goo.gl/fbAQLP

exports[`should render expense list item expense 1`] = `
<div>
  <[object Object]
    to="/edit/1"
  >
    <h3>
      Floor Wax
    </h3>
  </[object Object]>
  <p>
    1600
     - 
    -345600000
  </p>
</div>
`;
